2025-12-23 11:28:46,018 - INFO - Logging initialized. Log file: logs\video_bot_2025-12-23.log
2025-12-23 11:28:46,018 - INFO - Testing standard_video_script with date: 2025-12-22
2025-12-23 11:28:46,019 - INFO - Logging initialized. Log file: logs\video_bot_2025-12-23.log
2025-12-23 11:28:46,021 - INFO - file_cache is only supported with oauth2client<4.0.0
2025-12-23 11:28:46,035 - INFO - Starting video fetch for standard_video_script, for videos published after: 2025-12-22
2025-12-23 11:28:46,035 - INFO - Fetching page 1 with token: None
2025-12-23 11:31:22,457 - INFO - Logging initialized. Log file: logs\video_bot_2025-12-23.log
2025-12-23 11:31:22,457 - INFO - Testing standard_video_script with date: 2025-12-22
2025-12-23 11:31:22,458 - INFO - Logging initialized. Log file: logs\video_bot_2025-12-23.log
2025-12-23 11:31:22,459 - INFO - file_cache is only supported with oauth2client<4.0.0
2025-12-23 11:31:22,462 - INFO - Starting video fetch for standard_video_script, for videos published after: 2025-12-22
2025-12-23 11:33:20,511 - INFO - Logging initialized. Log file: logs\video_bot_2025-12-23.log
2025-12-23 11:33:20,511 - INFO - Testing standard_video_script with date: 2025-12-22
2025-12-23 11:33:20,511 - INFO - Logging initialized. Log file: logs\video_bot_2025-12-23.log
2025-12-23 11:33:20,513 - INFO - file_cache is only supported with oauth2client<4.0.0
2025-12-23 11:33:20,515 - INFO - Starting video fetch for standard_video_script, for videos published after: 2025-12-22
2025-12-23 11:35:08,392 - INFO - Logging initialized. Log file: logs\video_bot_2025-12-23.log
2025-12-23 11:35:08,392 - INFO - Testing standard_video_script with date: 2025-12-22
2025-12-23 11:35:08,393 - INFO - Logging initialized. Log file: logs\video_bot_2025-12-23.log
2025-12-23 11:35:08,394 - INFO - file_cache is only supported with oauth2client<4.0.0
2025-12-23 11:35:08,397 - INFO - Starting video fetch for standard_video_script, for videos published after: 2025-12-22
2025-12-23 11:35:08,867 - INFO - --- 
 Original DF (1 videos) 
 --- 
                                                title  ... date_added_to_db
0  RDC TALKS: JoJo's Part 4 UPDATE (Shigechi's De...  ...             None

[1 rows x 5 columns]
2025-12-23 11:35:08,868 - INFO - Filtered DataFrame is empty. No videos to update in the sheet.
2025-12-23 11:35:36,544 - INFO - Logging initialized. Log file: logs\video_bot_2025-12-23.log
2025-12-23 11:35:36,544 - INFO - Testing standard_video_script with date: 2025-12-22
2025-12-23 11:35:36,544 - INFO - Logging initialized. Log file: logs\video_bot_2025-12-23.log
2025-12-23 11:35:36,546 - INFO - file_cache is only supported with oauth2client<4.0.0
2025-12-23 11:35:36,548 - INFO - Starting video fetch for standard_video_script, for videos published after: 2025-12-22
2025-12-23 11:35:37,006 - INFO - --- 
 Original DF (1 videos) 
 --- 
                                                title  ... date_added_to_db
0  RDC TALKS: JoJo's Part 4 UPDATE (Shigechi's De...  ...             None

[1 rows x 5 columns]
2025-12-23 11:35:37,007 - INFO - Filtered DataFrame is empty. No videos to update in the sheet.
